
> recipe-blog@0.1.0 build
> next build && node scripts/generate-sitemap.js

node.exe : ΓÜá You are using a non-standard "NODE_ENV" value in your environment. This creates inconsistencies in the project and is 
strongly advised against. Read more: https://nextjs.org/docs/messages/non-standard-node-env
At line:1 char:1
+ & "C:\Program Files\nodejs/node.exe" "C:\Program Files\nodejs/node_mo ...
+ ~~~~~~~~~~~~~~~~~~~~~~~~~~~~~~~~~~~~~~~~~~~~~~~~~~~~~~~~~~~~~~~~~~~~~
    + CategoryInfo          : NotSpecified: (ΓÜá You are usi...andard-node-env:String) [], RemoteException
    + FullyQualifiedErrorId : NativeCommandError
 
Γû▓ Next.js 16.1.4 (Turbopack)
- Environments: .env.local, .env.production

  Running TypeScript ...
Failed to compile.

./components/LanguageSwitcher.tsx:33:40
Type error: Invalid character.

[0m [90m 31 |[39m
 [90m 32 |[39m   [36mconst[39m getCurrentUrl [33m=[39m (newLocale[33m:[39m string) [33m=>[39m {
[31m[1m>[22m[39m[90m 33 |[39m     [36mconst[39m path [33m=[39m pathname[33m.[39mreplace([33m/[39m[33m^[39m[37m[41m[1
m\[22m[49m[39m[37m[41m[1m\[22m[49m[39m[35m/\\w{2}/[39m[33m,[39m [32m`/${newLocale}`[39m)[33m;[39m
 [90m    |[39m                                        [31m[1m^[22m[39m
 [90m 34 |[39m     [36mreturn[39m { pathname[33m:[39m path[33m,[39m query }[33m;[39m
 [90m 35 |[39m   }[33m;[39m
 [90m 36 |[39m[0m
Next.js build worker exited with code: 1 and signal: null
